[3676:1396:0529/203846.580:WARNING:chrome_main_delegate.cc(745)] This is Chrome version 128.0.6613.138 (not a warning)
[3676:1396:0529/203846.630:WARNING:account_consistency_mode_manager.cc(77)] Desktop Identity Consistency cannot be enabled as no OAuth client ID and client secret have been configured.
[3676:18952:0529/203848.462:WARNING:leveldb_database.cc(141)] Unable to open E:\TempGames\2025TEMPGAMES\TEMP2025\Saved\webcache_6613\Default\shared_proto_db\metadata: IO error: E:\TempGames\2025TEMPGAMES\TEMP2025\Saved\webcache_6613\Default\shared_proto_db\metadata/MANIFEST-000001: Unable to create sequential file (ChromeMethodBFE: 7::NewSequentialFile::1)
[3676:24056:0529/203848.465:WARNING:leveldb_database.cc(141)] Unable to open E:\TempGames\2025TEMPGAMES\TEMP2025\Saved\webcache_6613\Default\shared_proto_db\metadata: IO error: E:\TempGames\2025TEMPGAMES\TEMP2025\Saved\webcache_6613\Default\shared_proto_db\metadata/MANIFEST-000001: Unable to create sequential file (ChromeMethodBFE: 7::NewSequentialFile::1)
[3676:24056:0529/203848.467:WARNING:leveldb_database.cc(141)] Unable to open E:\TempGames\2025TEMPGAMES\TEMP2025\Saved\webcache_6613\Default\shared_proto_db\metadata: IO error: E:\TempGames\2025TEMPGAMES\TEMP2025\Saved\webcache_6613\Default\shared_proto_db\metadata/MANIFEST-000001: Unable to create sequential file (ChromeMethodBFE: 7::NewSequentialFile::1)
[3676:1404:0529/203848.469:WARNING:leveldb_database.cc(141)] Unable to open E:\TempGames\2025TEMPGAMES\TEMP2025\Saved\webcache_6613\Default\shared_proto_db\metadata: IO error: E:\TempGames\2025TEMPGAMES\TEMP2025\Saved\webcache_6613\Default\shared_proto_db\metadata/MANIFEST-000001: Unable to create sequential file (ChromeMethodBFE: 7::NewSequentialFile::1)
[3676:21560:0529/203852.154:WARNING:value_store_frontend.cc(47)] Reading ahfgeienlihckogmohjhadlkjgocpleb.alarms from  failed: IO error: .../MANIFEST-000001: Unable to create sequential file (ChromeMethodBFE: 7::NewSequentialFile::1)
[3676:21560:0529/203852.155:WARNING:value_store_frontend.cc(47)] Reading mhjfbmdgcfjbbpaeojofohoefgiehjai.alarms from  failed: IO error: .../MANIFEST-000001: Unable to create sequential file (ChromeMethodBFE: 7::NewSequentialFile::1)
[3676:17572:0529/203852.203:WARNING:leveldb_database.cc(141)] Unable to open E:\TempGames\2025TEMPGAMES\TEMP2025\Saved\webcache_6613\Default\GCM Store\Encryption: IO error: E:\TempGames\2025TEMPGAMES\TEMP2025\Saved\webcache_6613\Default\GCM Store\Encryption/MANIFEST-000001: Unable to create sequential file (ChromeMethodBFE: 7::NewSequentialFile::1)
[3736:8696:0529/203852.839:WARNING:frame_impl.cc(430)] virtual CefFrameImpl::SendProcessMessage sent to detached frame 5-99A82CB7230D8B2A37CDE6EBEB88EBF7 will be ignored
[17800:19280:0529/203855.140:ERROR:backend_impl.cc(989)] Critical error found -8
[17800:19280:0529/203855.140:WARNING:storage_block-inl.h(138)] Failed data load.
[17800:19280:0529/203855.140:WARNING:storage_block-inl.h(138)] Failed data load.
[17800:19280:0529/203855.140:ERROR:entry_impl.cc(1029)] No file for b20200b0
[17800:19280:0529/203855.140:WARNING:storage_block-inl.h(138)] Failed data load.
[17800:19280:0529/203855.141:WARNING:storage_block-inl.h(138)] Failed data load.
[17800:19280:0529/203855.141:WARNING:storage_block-inl.h(138)] Failed data load.
[17800:19280:0529/203855.141:WARNING:storage_block-inl.h(138)] Failed data load.
[17800:19280:0529/203855.141:ERROR:entry_impl.cc(1029)] No file for c1030142
[17800:19280:0529/203855.141:WARNING:storage_block-inl.h(138)] Failed data load.
[17800:19280:0529/203855.141:WARNING:storage_block-inl.h(138)] Failed data load.
[17800:19280:0529/203855.158:WARNING:storage_block-inl.h(138)] Failed data load.
[17800:19280:0529/203855.158:WARNING:storage_block-inl.h(138)] Failed data load.
[17800:19280:0529/203855.158:WARNING:storage_block-inl.h(138)] Failed data load.
[17800:19280:0529/203855.158:WARNING:storage_block-inl.h(138)] Failed data load.
[17800:19280:0529/203855.158:WARNING:storage_block-inl.h(138)] Failed data load.
[17800:19280:0529/203855.158:WARNING:storage_block-inl.h(138)] Failed data load.
[17800:19280:0529/203855.159:ERROR:entry_impl.cc(955)] Failed to save user data
[17800:19280:0529/203855.159:ERROR:entry_impl.cc(955)] Failed to save user data
[17800:19280:0529/203855.164:WARNING:storage_block-inl.h(138)] Failed data load.
[17800:19280:0529/203855.164:WARNING:storage_block-inl.h(138)] Failed data load.
[17800:19280:0529/203855.164:WARNING:storage_block-inl.h(138)] Failed data load.
[17800:19280:0529/203855.164:WARNING:storage_block-inl.h(138)] Failed data load.
[17800:19280:0529/203855.164:WARNING:storage_block-inl.h(138)] Failed data load.
[17800:19280:0529/203855.164:WARNING:storage_block-inl.h(138)] Failed data load.
[17800:19280:0529/203855.164:ERROR:entry_impl.cc(955)] Failed to save user data
[17800:19280:0529/203855.164:WARNING:storage_block-inl.h(138)] Failed data load.
[17800:19280:0529/203855.165:WARNING:storage_block-inl.h(138)] Failed data load.
[17800:19280:0529/203855.173:WARNING:storage_block-inl.h(138)] Failed data load.
[17800:19280:0529/203855.173:WARNING:storage_block-inl.h(138)] Failed data load.
[17800:19280:0529/203855.177:WARNING:storage_block-inl.h(138)] Failed data load.
[17800:19280:0529/203855.177:WARNING:storage_block-inl.h(138)] Failed data load.
[17800:19280:0529/203855.177:WARNING:storage_block-inl.h(138)] Failed data load.
[17800:19280:0529/203855.177:WARNING:storage_block-inl.h(138)] Failed data load.
[17800:19280:0529/203855.179:ERROR:entry_impl.cc(955)] Failed to save user data
[17800:19280:0529/203855.180:WARNING:storage_block-inl.h(138)] Failed data load.
[17800:19280:0529/203855.180:WARNING:storage_block-inl.h(138)] Failed data load.
[17800:19280:0529/203855.180:WARNING:storage_block-inl.h(138)] Failed data load.
[17800:19280:0529/203855.180:WARNING:storage_block-inl.h(138)] Failed data load.
[17800:19280:0529/203855.180:WARNING:storage_block-inl.h(138)] Failed data load.
[17800:19280:0529/203855.180:WARNING:storage_block-inl.h(138)] Failed data load.
[17800:19280:0529/203855.184:WARNING:storage_block-inl.h(138)] Failed data load.
[17800:19280:0529/203855.184:WARNING:storage_block-inl.h(138)] Failed data load.
[17800:19280:0529/203855.186:WARNING:storage_block-inl.h(138)] Failed data load.
[17800:19280:0529/203855.186:WARNING:storage_block-inl.h(138)] Failed data load.
[17800:19280:0529/203855.187:WARNING:storage_block-inl.h(138)] Failed data load.
[17800:19280:0529/203855.187:WARNING:storage_block-inl.h(138)] Failed data load.
[17800:19280:0529/203855.187:WARNING:storage_block-inl.h(138)] Failed data load.
[17800:19280:0529/203855.187:WARNING:storage_block-inl.h(138)] Failed data load.
[17800:19280:0529/203855.187:ERROR:entry_impl.cc(955)] Failed to save user data
[17800:19280:0529/203855.188:WARNING:storage_block-inl.h(138)] Failed data load.
[17800:19280:0529/203855.188:WARNING:storage_block-inl.h(138)] Failed data load.
[17800:19280:0529/203855.192:WARNING:storage_block-inl.h(138)] Failed data load.
[17800:19280:0529/203855.192:WARNING:storage_block-inl.h(138)] Failed data load.
[17800:19280:0529/203855.195:WARNING:storage_block-inl.h(138)] Failed data load.
[17800:19280:0529/203855.195:WARNING:storage_block-inl.h(138)] Failed data load.
[17800:19280:0529/203855.196:ERROR:entry_impl.cc(955)] Failed to save user data
[17800:19280:0529/203855.224:WARNING:storage_block-inl.h(138)] Failed data load.
[17800:19280:0529/203855.224:WARNING:storage_block-inl.h(138)] Failed data load.
[17800:19280:0529/203855.224:WARNING:storage_block-inl.h(138)] Failed data load.
[17800:19280:0529/203855.224:WARNING:storage_block-inl.h(138)] Failed data load.
[17800:19280:0529/203855.224:WARNING:storage_block-inl.h(138)] Failed data load.
[17800:19280:0529/203855.224:WARNING:storage_block-inl.h(138)] Failed data load.
[17800:19280:0529/203855.225:ERROR:entry_impl.cc(955)] Failed to save user data
[17800:19280:0529/203855.478:WARNING:storage_block-inl.h(138)] Failed data load.
[17800:19280:0529/203855.478:WARNING:storage_block-inl.h(138)] Failed data load.
[17800:19280:0529/203855.478:WARNING:storage_block-inl.h(138)] Failed data load.
[17800:19280:0529/203855.808:WARNING:storage_block-inl.h(138)] Failed data load.
[17800:19280:0529/203855.808:WARNING:storage_block-inl.h(138)] Failed data load.
[17800:19280:0529/203855.809:WARNING:storage_block-inl.h(138)] Failed data load.
[17800:19280:0529/203855.809:WARNING:storage_block-inl.h(138)] Failed data load.
[17800:19280:0529/203855.810:WARNING:storage_block-inl.h(138)] Failed data load.
[17800:19280:0529/203855.810:WARNING:storage_block-inl.h(138)] Failed data load.
[17800:19280:0529/203855.810:ERROR:entry_impl.cc(955)] Failed to save user data
[17800:19280:0529/203855.810:ERROR:entry_impl.cc(955)] Failed to save user data
[3676:1396:0530/010325.055:WARNING:pref_notifier_impl.cc(41)] Pref observer for media_router.cast_allow_all_ips found at shutdown.
